
Memory Configuration

Name             Origin             Length             Attributes
Mem              0x00000000         0x04000000         xrw
*default*        0x00000000         0xffffffff

Linker script and memory map

                0x00010000                . = 0x10000

.startup        0x00010000       0x10
 startup.o(.text)
 .text          0x00010000       0x10 startup.o
                0x00010000                reset

.text           0x00010010       0x64
 *(.text)
 .text          0x00010010       0x4c uart.o
                0x00010010                Uart_Send_string
 .text          0x0001005c       0x18 app.o
                0x0001005c                main

.glue_7         0x00010074        0x0
 .glue_7        0x00000000        0x0 linker stubs

.glue_7t        0x00010074        0x0
 .glue_7t       0x00000000        0x0 linker stubs

.vfp11_veneer   0x00010074        0x0
 .vfp11_veneer  0x00000000        0x0 linker stubs

.v4_bx          0x00010074        0x0
 .v4_bx         0x00000000        0x0 linker stubs

.iplt           0x00010074        0x0
 .iplt          0x00000000        0x0 startup.o

.rel.dyn        0x00010074        0x0
 .rel.iplt      0x00000000        0x0 startup.o

.data           0x00010074       0x64
 *(.data)
 .data          0x00010074        0x0 startup.o
 .data          0x00010074        0x0 uart.o
 .data          0x00010074       0x64 app.o
                0x00010074                string_buffer

.igot.plt       0x000100d8        0x0
 .igot.plt      0x00000000        0x0 startup.o

.bss            0x000100d8        0x0
 *(.bss)
 .bss           0x000100d8        0x0 startup.o
 .bss           0x000100d8        0x0 uart.o
 .bss           0x000100d8        0x0 app.o
                0x000110d8                . = (. + 0x1000)
                0x000110d8                stack_top = .
LOAD startup.o
LOAD uart.o
LOAD app.o
OUTPUT(learn-in-depth.elf elf32-littlearm)

.ARM.attributes
                0x00000000       0x2e
 .ARM.attributes
                0x00000000       0x22 startup.o
 .ARM.attributes
                0x00000022       0x32 uart.o
 .ARM.attributes
                0x00000054       0x32 app.o

.comment        0x00000000       0x11
 .comment       0x00000000       0x11 uart.o
                                 0x12 (size before relaxing)
 .comment       0x00000000       0x12 app.o

.debug_info     0x00000000       0xc8
 .debug_info    0x00000000       0x5c uart.o
 .debug_info    0x0000005c       0x6c app.o

.debug_abbrev   0x00000000       0xab
 .debug_abbrev  0x00000000       0x51 uart.o
 .debug_abbrev  0x00000051       0x5a app.o

.debug_loc      0x00000000       0x58
 .debug_loc     0x00000000       0x2c uart.o
 .debug_loc     0x0000002c       0x2c app.o

.debug_aranges  0x00000000       0x40
 .debug_aranges
                0x00000000       0x20 uart.o
 .debug_aranges
                0x00000020       0x20 app.o

.debug_line     0x00000000       0x72
 .debug_line    0x00000000       0x3d uart.o
 .debug_line    0x0000003d       0x35 app.o

.debug_str      0x00000000       0xab
 .debug_str     0x00000000       0x89 uart.o
 .debug_str     0x00000089       0x22 app.o
                                 0x87 (size before relaxing)

.debug_frame    0x00000000       0x54
 .debug_frame   0x00000000       0x28 uart.o
 .debug_frame   0x00000028       0x2c app.o
